   Compiling libc v0.2.189
   Compiling num-traits v0.2.19
   Compiling syn v3.0.5
    Checking bitflags v2.13.1
   Compiling rustix v1.1.4
    Checking archmage v0.9.28
   Compiling serde_core v1.0.229
    Checking errno v0.3.14
    Checking num-integer v0.1.47
   Compiling equator-macro v0.4.2
    Checking utf8parse v0.2.2
   Compiling thiserror v2.0.20
    Checking simd-adler32 v0.3.10
   Compiling zmij v1.0.23
    Checking cfg-if v1.0.4
    Checking anstyle-parse v1.0.0
   Compiling bytemuck_derive v1.12.0
   Compiling thiserror-impl v2.0.20
    Checking bytemuck v1.25.2
    Checking equator v0.4.2
    Checking num-bigint v0.4.8
    Checking magetypes v0.9.28
    Checking memchr v2.8.3
   Compiling serde v1.0.229
    Checking colorchoice v1.0.5
    Checking anstyle-query v1.1.5
   Compiling serde_json v1.0.151
    Checking is_terminal_polyfill v1.70.2
   Compiling crc32fast v1.5.1
    Checking adler2 v2.0.1
    Checking anstyle v1.0.14
    Checking anstream v1.0.0
    Checking zenpixels v0.2.16
    Checking aligned-vec v0.6.4
    Checking almost-enough v0.4.4
    Checking num-rational v0.4.2
   Compiling serde_derive v1.0.229
    Checking objc2-core-foundation v0.3.2
   Compiling num-derive v0.4.2
    Checking option-ext v0.2.0
   Compiling yuvxyb-math v0.1.1
    Checking byte-slice-cast v1.2.3
    Checking bytes v1.12.1
    Checking clap_lex v1.1.0
    Checking itoa v1.0.18
    Checking strsim v0.11.1
   Compiling heck v0.5.0
    Checking clap_builder v4.6.6
   Compiling clap_derive v4.6.4
    Checking av-data v0.4.4
   Compiling fast-ssim2 v0.7.1
    Checking dirs-sys v0.5.0
    Checking objc2-io-kit v0.3.2
    Checking linear-srgb v0.6.12
    Checking zencodec v0.1.26
    Checking v_frame v0.3.9
    Checking miniz_oxide v0.9.1
    Checking rgb v0.8.53
    Checking log v0.4.34
    Checking flate2 v1.1.10
    Checking clap v4.6.6
    Checking sysinfo v0.36.1
    Checking yuvxyb v0.4.2
    Checking zenquant v0.1.3
    Checking dirs v6.0.0
    Checking miniz_oxide v0.8.9
    Checking garb v0.2.8
    Checking fd-lock v4.0.4
    Checking fdeflate v0.3.7
    Checking fs4 v1.1.0
    Checking terminal_size v0.4.4
    Checking png v0.18.1
    Checking zengif v0.8.0 (/Users/lilith/work/zen/zengif)
    Checking zenbench v0.1.9
    Checking codec-corpus v1.1.0
    Checking zencodec-testkit v0.1.0
    Checking zenutils-fuzz v0.1.0
    Finished `dev` profile [unoptimized + debuginfo] target(s) in 4.49s
